Name	Centrality	Rank
TM7_genus_incertae_sedis.0007	5.772981023959152	334
TM7_genus_incertae_sedis.0004	5.772981023959152	333
Order.Clostridiales.0030	5.772981023959152	332
Family.Porphyromonadaceae.0020	5.772981023959152	331
Family.Porphyromonadaceae.0016	5.772981023959152	330
Family.Lachnospiraceae.0126	5.772981023959152	329
Family.Lachnospiraceae.0122	5.772981023959152	328
Family.Lachnospiraceae.0107	5.772981023959152	327
Family.Lachnospiraceae.0106	5.772981023959152	326
Family.Coriobacteriaceae.0004	5.772981023959152	325
Clostridium_XlVa.0003	5.772981023959152	324
Clostridium_IV.0003	5.772981023959152	323
Atopostipes.0001	5.772981023959152	322
Aeromonas.0001	5.772981023959152	321
Family.Porphyromonadaceae.0007	5.741837350033892	320
Family.Porphyromonadaceae.0011	5.7338344420555005	319
Family.Ruminococcaceae.0012	5.72631193802412	318
Clostridium_sensu_stricto.0001	5.721831026229087	317
Family.Lachnospiraceae.0073	5.700373920419549	316
Phylum.Firmicutes.0002	5.6769181691695225	315
Family.Lachnospiraceae.0003	5.570434220644026	314
Family.Lachnospiraceae.0082	5.347593380735467	313
Akkermansia.0001	5.294566689307498	312
Kingdom.Bacteria.0006	5.134601918795964	311
Family.Lachnospiraceae.0079	5.134601918795964	310
Family.Ruminococcaceae.0020	4.967289136940671	309
Pseudoflavonifractor.0001	4.8661621355877855	308
Roseburia.0001	4.676734542614097	307
Order.Clostridiales.0017	4.622739096336045	306
Anaerotruncus.0001	4.59450155896837	305
Family.Lachnospiraceae.0038	4.56181787757717	304
Clostridium_XlVa.0001	4.541857609706374	303
Kingdom.Bacteria.0007	4.27168772643082	302
Family.Lachnospiraceae.0069	4.159334243991022	301
Family.Ruminococcaceae.0021	4.095021808905309	300
Family.Ruminococcaceae.0016	3.9291093369168917	299
Family.Lachnospiraceae.0065	3.8931616236552617	298
Family.Porphyromonadaceae.0010	3.5207802266374615	297
Kingdom.Bacteria.0005	3.3286529709879997	296
Family.Lachnospiraceae.0036	2.098856015676807	295
Anaeroplasma.0001	1.1028684614226694	294
Clostridium_XlVb.0001	0.9566080397099553	293
Family.Ruminococcaceae.0022	0.6846351322765294	292
Order.Clostridiales.0006	0.4876181778411318	291
Family.Lachnospiraceae.0084	0.46807703940328604	290
Clostridium_IV.0001	0.3717521912769777	289
Turicibacter.0001	0.2549933518982126	288
Family.Lachnospiraceae.0074	0.24954900969801888	287
Family.Lachnospiraceae.0071	0.2146512383591812	286
Family.Lachnospiraceae.0099	0.21361841364193224	285
Order.Clostridiales.0002	0.20530904570372252	284
Family.Lachnospiraceae.0025	0.19307324460149825	283
Phylum.Firmicutes.0003	0.17552187115307172	282
Family.Lachnospiraceae.0101	0.12737798646842471	281
Family.Lachnospiraceae.0087	0.12737798646842471	280
Family.Ruminococcaceae.0009	0.12728580764005296	279
Family.Ruminococcaceae.0008	0.12615309228287425	278
Family.Porphyromonadaceae.0002	0.12452959211299017	277
Family.Lachnospiraceae.0098	0.11680230085511857	276
Family.Lachnospiraceae.0045	0.11590085538093997	275
Family.Lachnospiraceae.0093	0.10742384196374444	274
Family.Porphyromonadaceae.0008	0.10146685710123174	273
Family.Lachnospiraceae.0058	0.09063233176172655	272
Bifidobacterium.0001	0.06148480038768902	271
Family.Ruminococcaceae.0007	0.06081973564751006	270
Family.Ruminococcaceae.0013	0.05710185098870869	269
Kingdom.Bacteria.0002	0.0524562937209612	268
Family.Porphyromonadaceae.0005	0.02600555673562931	267
Family.Lachnospiraceae.0028	0.02512285964871681	266
Family.Lachnospiraceae.0011	0.024924606590768957	265
Family.Lachnospiraceae.0016	0.01947152283100375	264
Family.Lachnospiraceae.0015	0.019062095292100217	263
Family.Ruminococcaceae.0010	0.018768608028689834	262
Eubacterium.0001	0.0187448723357495	261
Family.Lachnospiraceae.0033	0.018529830062939047	260
Order.Clostridiales.0003	0.0168262232606144	259
Order.Clostridiales.0015	0.013230856202447766	258
Family.Lachnospiraceae.0030	0.012929053490527233	257
Phylum.Bacteroidetes.0001	0.012549694483507274	256
Pseudomonas.0001	0.010890179328796113	255
Family.Ruminococcaceae.0018	0.009902045714002019	254
Lachnospiracea_incertae_sedis.0001	0.00916839114834534	253
Family.Lachnospiraceae.0089	0.009070535462518438	252
Order.Clostridiales.0008	0.008033474455419758	251
Family.Ruminococcaceae.0027	0.007892726735410607	250
Family.Lachnospiraceae.0125	0.007892726735410607	249
Order.Clostridiales.0029	0.007892726735410605	248
Order.Clostridiales.0024	0.007892726735410605	247
Family.Porphyromonadaceae.0038	0.007892726735410605	246
Family.Porphyromonadaceae.0037	0.007892726735410605	245
Family.Lachnospiraceae.0039	0.006983927881028224	244
Order.Clostridiales.0001	0.006694483033029345	243
Roseburia.0002	0.006264632755549086	242
Family.Ruminococcaceae.0006	0.005049544896911019	241
Order.Clostridiales.0020	0.005044776914311606	240
Family.Lachnospiraceae.0062	0.004914662007185748	239
Family.Lachnospiraceae.0044	0.004862768975440616	238
Family.Lachnospiraceae.0021	0.004758664362137446	237
Family.Ruminococcaceae.0002	0.004643108601036493	236
Family.Porphyromonadaceae.0006	0.004192160267990148	235
Family.Lachnospiraceae.0059	0.004041428981574125	234
Family.Lachnospiraceae.0066	0.0039204208370245	233
Stenotrophomonas.0001	0.003888895928699283	232
Phylum.Firmicutes.0007	0.003888895928699283	231
Kingdom.Bacteria.0008	0.003888895928699283	230
Family.Ruminococcaceae.0030	0.003888895928699283	229
Family.Ruminococcaceae.0023	0.003888895928699283	228
Family.Porphyromonadaceae.0033	0.003888895928699283	227
Family.Porphyromonadaceae.0030	0.003888895928699283	226
Family.Porphyromonadaceae.0018	0.003888895928699283	225
Family.Lachnospiraceae.0134	0.003888895928699283	224
Family.Lachnospiraceae.0130	0.003888895928699283	223
Family.Lachnospiraceae.0121	0.003888895928699283	222
Family.Lachnospiraceae.0115	0.003888895928699283	221
Family.Lachnospiraceae.0112	0.003888895928699283	220
Family.Lachnospiraceae.0105	0.003888895928699283	219
Family.Lachnospiraceae.0133	0.0038888959286992827	218
TM7_genus_incertae_sedis.0003	0.0038888959286992823	217
Order.Clostridiales.0025	0.0038888959286992823	216
Family.Ruminococcaceae.0029	0.0038888959286992823	215
Family.Pseudomonadaceae.0001	0.0038888959286992823	214
Family.Lachnospiraceae.0129	0.0038888959286992823	213
Family.Lachnospiraceae.0116	0.0038888959286992823	212
Family.Lachnospiraceae.0002	0.0038499684874420547	211
Family.Lachnospiraceae.0007	0.0037335689803386896	210
Family.Lachnospiraceae.0010	0.0036710937951601576	209
Oscillibacter.0005	0.0035033577546315976	208
Order.Clostridiales.0004	0.003379434668338052	207
Family.Lachnospiraceae.0092	0.003340575249187606	206
Family.Ruminococcaceae.0019	0.003253603811770434	205
Family.Lachnospiraceae.0001	0.0031880384665153726	204
Family.Lachnospiraceae.0057	0.003071820372273569	203
Family.Ruminococcaceae.0015	0.003062014104856879	202
Family.Lachnospiraceae.0088	0.002995656912287373	201
Oscillibacter.0004	0.0029476231043788588	200
Dorea.0001	0.0029274069934548622	199
Family.Lachnospiraceae.0095	0.002820397232790101	198
Family.Porphyromonadaceae.0003	0.0027931329081018544	197
Family.Coriobacteriaceae.0001	0.002559410417018089	196
Streptococcus.0001	0.0018657619561140973	195
Oscillibacter.0002	0.0017880389726289833	194
Family.Lachnospiraceae.0020	0.0017182842738177454	193
Phylum.Firmicutes.0001	0.0016776048774670108	192
Family.Lachnospiraceae.0078	0.0016387435881073263	191
Family.Lachnospiraceae.0081	0.0016251457092444246	190
Family.Lachnospiraceae.0012	0.0015693018946746967	189
Family.Ruminococcaceae.0024	0.0015289945547010705	188
Family.Lachnospiraceae.0075	0.001526498540801596	187
Johnsonella.0001	0.0014605657282111282	186
Family.Lachnospiraceae.0024	0.0009992259397500543	185
Family.Lachnospiraceae.0013	0.0009881447939418973	184
Family.Lachnospiraceae.0027	0.0008983175117756315	183
Family.Ruminococcaceae.0001	0.0007623562760387257	182
Family.Lachnospiraceae.0032	0.000668084302427107	181
Family.Lachnospiraceae.0014	0.0006385412703584168	180
Family.Lachnospiraceae.0023	0.000637812269399048	179
Family.Ruminococcaceae.0017	0.0006256634978572104	178
Family.Lachnospiraceae.0072	0.0005465133976891216	177
Family.Ruminococcaceae.0014	0.0005013941953351307	176
Family.Lachnospiraceae.0086	0.0004714903342751117	175
Family.Lachnospiraceae.0019	0.00046572186448269576	174
Family.Lachnospiraceae.0018	0.0004416589509360426	173
Order.Clostridiales.0011	0.00040561273748296306	172
Order.Clostridiales.0028	0.0004040833663131657	171
Family.Porphyromonadaceae.0029	0.0004040833663131657	170
Family.Lachnospiraceae.0118	0.0004040833663131657	169
Family.Lachnospiraceae.0114	0.0004040833663131657	168
Family.Lachnospiraceae.0049	0.0003955683261210457	167
Family.Lachnospiraceae.0006	0.0003675491781795142	166
Family.Porphyromonadaceae.0001	0.0003561291184556068	165
Order.Clostridiales.0009	0.0003329864594059674	164
TM7_genus_incertae_sedis.0002	0.000282018566021968	163
Family.Lachnospiraceae.0041	0.0002756133919945162	162
Family.Lachnospiraceae.0005	0.0002682624447889442	161
Family.Ruminococcaceae.0004	0.0002538096888482992	160
Clostridium_XlVb.0002	0.0002433825145090335	159
Phylum.Firmicutes.0005	0.00017734205381294836	158
Phylum.Bacteroidetes.0004	0.00017734205381294836	157
Oscillibacter.0006	0.00017734205381294836	156
Order.Clostridiales.0027	0.00017734205381294836	155
Order.Bacillales.0001	0.00017734205381294836	154
Family.Ruminococcaceae.0028	0.00017734205381294836	153
Family.Porphyromonadaceae.0039	0.00017734205381294836	152
Family.Porphyromonadaceae.0023	0.00017734205381294836	151
Family.Porphyromonadaceae.0019	0.00017734205381294836	150
Family.Lachnospiraceae.0132	0.00017734205381294836	149
Family.Lachnospiraceae.0123	0.00017734205381294836	148
Family.Lachnospiraceae.0117	0.00017734205381294836	147
Family.Lachnospiraceae.0111	0.00017734205381294836	146
Anaerofustis.0001	0.00017734205381294836	145
Family.Lachnospiraceae.0080	0.00017580524089098315	144
Order.Clostridiales.0014	0.0001690363623524099	143
Family.Lachnospiraceae.0047	0.00016723757912432013	142
Clostridium_XlVa.0002	0.00016013927600692015	141
Family.Lachnospiraceae.0043	0.0001597352141890146	140
Order.Bacteroidales.0001	0.00015841224975511562	139
Oscillibacter.0003	0.00015337043285112455	138
Family.Lachnospiraceae.0008	0.00015108340776279008	137
Family.Lachnospiraceae.0100	0.00014775488797314274	136
Family.Lachnospiraceae.0029	0.00013883333383492405	135
Order.Clostridiales.0007	0.00010605670830946459	134
Family.Lachnospiraceae.0037	9.487468824760603e-05	133
Family.Lachnospiraceae.0068	9.131251509048185e-05	132
Family.Lachnospiraceae.0048	8.598592509682137e-05	131
Family.Lachnospiraceae.0026	8.24312153595083e-05	130
Barnesiella.0001	8.132831896295887e-05	129
Family.Ruminococcaceae.0003	8.124747782346855e-05	128
Family.Ruminococcaceae.0025	7.455868194497613e-05	127
Lactobacillus.0001	7.257783681689192e-05	126
Family.Lachnospiraceae.0034	6.587741243163624e-05	125
Butyricicoccus.0001	6.499091742471297e-05	124
Family.Lachnospiraceae.0091	6.38182187775431e-05	123
Family.Lachnospiraceae.0053	6.269216878775489e-05	122
Family.Lachnospiraceae.0022	4.790646669987448e-05	121
Family.Erysipelotrichaceae.0001	4.4041099198499405e-05	120
Family.Ruminococcaceae.0011	3.808697024955895e-05	119
Family.Lachnospiraceae.0097	3.679599995015629e-05	118
Family.Lachnospiraceae.0063	3.155110397312385e-05	117
Family.Lachnospiraceae.0050	2.833258786741427e-05	116
Family.Lachnospiraceae.0055	2.7610338624481803e-05	115
Family.Lachnospiraceae.0035	2.4233017380982497e-05	114
Family.Porphyromonadaceae.0012	2.1066402760657214e-05	113
Family.Lachnospiraceae.0060	1.920684630354704e-05	112
Enterorhabdus.0001	1.730822341247638e-05	111
Class.Clostridia.0001	1.2724216066357806e-05	110
Family.Lachnospiraceae.0046	1.1103379291557885e-05	109
Order.Clostridiales.0016	9.439793046831921e-06	108
Family.Lachnospiraceae.0076	9.1772513791854e-06	107
Order.Clostridiales.0010	8.603070798063842e-06	106
Family.Lachnospiraceae.0054	7.78850514391173e-06	105
Kingdom.Bacteria.0004	5.206880237844315e-06	104
Kingdom.Bacteria.0003	4.388566421197847e-06	103
Family.Porphyromonadaceae.0042	4.315211084672251e-06	102
Family.Porphyromonadaceae.0027	4.315211084672251e-06	101
Family.Lachnospiraceae.0136	4.315211084672251e-06	100
Family.Lachnospiraceae.0127	4.315211084672251e-06	99
Order.Clostridiales.0026	4.31521108467225e-06	98
Order.Bacteroidales.0002	4.31521108467225e-06	97
Family.Ruminococcaceae.0026	4.31521108467225e-06	96
Family.Porphyromonadaceae.0032	4.31521108467225e-06	95
Family.Porphyromonadaceae.0025	4.31521108467225e-06	94
Family.Porphyromonadaceae.0024	4.31521108467225e-06	93
Family.Lachnospiraceae.0138	4.31521108467225e-06	92
Phylum.Firmicutes.0004	4.101912034353656e-06	91
Family.Lachnospiraceae.0017	3.574993665415959e-06	90
Class.Clostridia.0002	2.9310992956319034e-06	89
Family.Lachnospiraceae.0104	2.738367371011545e-06	88
Family.Lachnospiraceae.0094	2.738367371011545e-06	87
Escherichia_Shigella.0002	2.738367371011545e-06	86
TM7_genus_incertae_sedis.0006	2.7383673710115444e-06	85
TM7_genus_incertae_sedis.0005	2.7383673710115444e-06	84
Order.Clostridiales.0023	2.7383673710115444e-06	83
Family.Lachnospiraceae.0137	2.7383673710115444e-06	82
Family.Lachnospiraceae.0131	2.7383673710115444e-06	81
Family.Lachnospiraceae.0113	2.7383673710115444e-06	80
Family.Lachnospiraceae.0110	2.738367371011544e-06	79
Phylum.Firmicutes.0006	2.7383673710115436e-06	78
Order.Clostridiales.0021	2.7383673710115436e-06	77
Lishizhenia.0001	2.7383673710115436e-06	76
Family.Lachnospiraceae.0120	2.7383673710115436e-06	75
Family.Lachnospiraceae.0108	2.7383673710115436e-06	74
Lactobacillus.0002	2.5873902867191963e-06	73
Family.Porphyromonadaceae.0004	2.3773791215727085e-06	72
Oscillibacter.0001	2.366811874210623e-06	71
Clostridium_IV.0002	2.286694852628137e-06	70
Family.Lachnospiraceae.0083	2.1786030915771527e-06	69
Alistipes.0001	2.170218158535865e-06	68
Family.Lachnospiraceae.0067	2.0531886158919104e-06	67
Order.Clostridiales.0005	1.897988185876952e-06	66
Family.Lachnospiraceae.0052	1.853567885839688e-06	65
Family.Lachnospiraceae.0056	1.790342242220251e-06	64
Family.Lachnospiraceae.0070	1.58198986784915e-06	63
Kingdom.Bacteria.0001	1.4562802659070262e-06	62
Family.Lachnospiraceae.0031	7.600022646550936e-07	61
Family.Porphyromonadaceae.0009	5.93213009841919e-07	60
Order.Clostridiales.0013	1.139540880935545e-07	59
Pseudomonas.0002	6.96166718590377e-08	58
Phylum.Bacteroidetes.0003	6.96166718590377e-08	57
Order.Bacteroidales.0003	6.96166718590377e-08	56
Family.Porphyromonadaceae.0031	6.96166718590377e-08	55
Family.Porphyromonadaceae.0026	6.96166718590377e-08	54
Family.Porphyromonadaceae.0017	6.96166718590377e-08	53
Family.Porphyromonadaceae.0015	6.96166718590377e-08	52
Family.Lachnospiraceae.0135	6.96166718590377e-08	51
Family.Lachnospiraceae.0119	6.96166718590377e-08	50
Family.Lachnospiraceae.0103	6.96166718590377e-08	49
Family.Clostridiaceae_1.0001	6.96166718590377e-08	48
Class.Clostridia.0004	6.96166718590377e-08	47
Weissella.0001	6.961667185903769e-08	46
Staphylococcus.0001	6.961667185903769e-08	45
Phylum.Bacteroidetes.0002	6.961667185903769e-08	44
Family.Ruminococcaceae.0031	6.961667185903769e-08	43
Family.Porphyromonadaceae.0040	6.961667185903769e-08	42
Family.Porphyromonadaceae.0036	6.961667185903769e-08	41
Family.Porphyromonadaceae.0035	6.961667185903769e-08	40
Family.Porphyromonadaceae.0034	6.961667185903769e-08	39
Family.Porphyromonadaceae.0028	6.961667185903769e-08	38
Family.Porphyromonadaceae.0022	6.961667185903769e-08	37
Family.Porphyromonadaceae.0021	6.961667185903769e-08	36
Family.Porphyromonadaceae.0014	6.961667185903769e-08	35
Family.Lachnospiraceae.0128	6.961667185903769e-08	34
Family.Lachnospiraceae.0124	6.961667185903769e-08	33
Family.Lachnospiraceae.0096	6.961667185903769e-08	32
Family.Coriobacteriaceae.0002	6.961667185903769e-08	31
Class.Clostridia.0003	6.961667185903769e-08	30
Family.Porphyromonadaceae.0013	3.645430575403738e-08	29
Clostridium_XlVb.0003	1.874827576213154e-08	28
Phylum.Firmicutes.0008	3.1824161613244916e-80	27
Order.Clostridiales.0022	3.1824161613244916e-80	26
Family.Porphyromonadaceae.0041	3.1824161613244916e-80	25
Family.Lachnospiraceae.0109	3.1824161613244916e-80	24
Family.Lachnospiraceae.0102	3.1824161613244916e-80	23
Anaeroplasma.0002	3.1824161613244916e-80	22
Order.Clostridiales.0019	3.1272383664219038e-80	21
Family.Lachnospiraceae.0085	2.808270984294231e-80	20
Family.Lachnospiraceae.0042	1.0034443726158043e-179	19
Bacteroides.0001	1.0034443726158043e-179	18
Streptococcus.0002	9.04373968843308e-182	17
Order.Clostridiales.0012	9.04373968843308e-182	16
Family.Lachnospiraceae.0009	4.906717108175737e-186	15
Family.Lachnospiraceae.0004	4.906717108175737e-186	14
TM7_genus_incertae_sedis.0001	0.0	0
Order.Clostridiales.0018	0.0	0
Lactobacillus.0003	0.0	0
Family.Ruminococcaceae.0005	0.0	0
Family.Lachnospiraceae.0090	0.0	0
Family.Lachnospiraceae.0077	0.0	0
Family.Lachnospiraceae.0064	0.0	0
Family.Lachnospiraceae.0061	0.0	0
Family.Lachnospiraceae.0051	0.0	0
Family.Lachnospiraceae.0040	0.0	0
Family.Coriobacteriaceae.0003	0.0	0
Escherichia_Shigella.0001	0.0	0
Clostridium_XlVb.0004	0.0	0
